[backblue.gif]
[fade.gif]
[index.html]
[retrowavedeer.com/images/favicon.ico]
[retrowavedeer.com/images/apple-touch-icon.png]
[retrowavedeer.com/images/favicon-32x32.png]
[retrowavedeer.com/images/favicon-16x16.png]
[retrowavedeer.com/images/site.webmanifest]
[unpkg.com/swiper@7/swiper-bundle.min.5.delayed]
[unpkg.com/swiper@7.4.1/swiper-bundle.min.css]
[retrowavedeer.com/images/small-deer.png]
[retrowavedeer.com/images/join-1.png]
[retrowavedeer.com/images/join-2.png]
[retrowavedeer.com/images/BGH.png]
[retrowavedeer.com/images/our-1.png]
[retrowavedeer.com/images/our-2.png]
[retrowavedeer.com/images/our-3.png]
[retrowavedeer.com/images/deer-1.jpg]
[retrowavedeer.com/images/deer-2.jpg]
[retrowavedeer.com/images/deer-3.jpg]
[retrowavedeer.com/images/deer-4.jpg]
[retrowavedeer.com/images/deer-5.jpg]
[retrowavedeer.com/images/deer-6.jpg]
[ajax.googleapis.com/ajax/libs/jquery/3.4.1/jquery.min.js]
[unpkg.com/swiper@7/swiper-bundle.min.17.delayed]
[unpkg.com/swiper@7.4.1/swiper-bundle.min.js]
[unpkg.com/regenerator-runtime@0.13.1/runtime.js]
[peterolson.github.io/BigInteger.js/BigInteger.min.js]
[unpkg.com/web3@1.2.11/dist/web3.min.js]
[retrowavedeer.com/js/app.js]
[retrowavedeer.com/index.html]
[unpkg.com/swiper@7.4.1/swiper-bundle.min.css]
[retrowavedeer.com/fonts/Graphik-Bold.woff2]
[retrowavedeer.com/fonts/Graphik-Bold.woff]
[retrowavedeer.com/fonts/Graphik-Regular.woff2]
[retrowavedeer.com/fonts/Graphik-Regular.woff]
[retrowavedeer.com/fonts/Graphik-Medium.woff2]
[retrowavedeer.com/fonts/Graphik-Medium.woff]
[retrowavedeer.com/images/join-bg.png]
[retrowavedeer.com/images/faq-img.png]
[retrowavedeer.com/images/main-bg.png]
[retrowavedeer.com/images/111.png]
[retrowavedeer.com/images/222.png]
[retrowavedeer.com/images/333.png]
[retrowavedeer.com/images/mint-bg.png]
[retrowavedeer.com/images/over-bg.png]
[retrowavedeer.com/images/ing.png]
[retrowavedeer.com/images/floor.jpg]
[retrowavedeer.com/css/main.css]
[retrowavedeer.com/images/logo.svg]
